// Jest Snapshot v1, https://goo.gl/fbAQLP

exports[`bigwig formats loads small bigwig file 1`] = `null`;
